Raw value: 4294966982
Decoded value: -314

Verification: 4294966982 - 2^32 = 4294966982 - 4294967296 = -314

--- Other Examples ---
4294966933 → -363
4294966845 → -451
4294966928 → -368
2147483647 → 2147483647
2147483648 → -2147483648
4294967295 → -1
